// Jest Snapshot v1, https://goo.gl/fbAQLP

exports[`Pruebas en <HeroScreen /> debe de mostrarse el HeroScreen correctament 1`] = `
<div
  className="row mt-5"
>
  <div
    className="col-4"
  >
    <img
      alt="Spider Man"
      className="img-thumbnail animate__animated animate__fadeInLeft"
      src="/assets/marvel-spider.jpg"
    />
  </div>
  <div
    className="col-8 animate__animated animate__fadeIn"
  >
    <h3>
      Spider Man
    </h3>
    <ul
      className="list-group list-group-flush"
    >
      <li
        className="list-group-item"
      >
        <strong>
          Alter ego:
        </strong>
         
        Peter Parker
      </li>
      <li
        className="list-group-item"
      >
        <strong>
          Publisher:
        </strong>
         
        Marvel Comics
      </li>
      <li
        className="list-group-item"
      >
        <strong>
          First Appearance:
        </strong>
         
        Amazing Fantasy #15
      </li>
    </ul>
    <h5
      className="mt-3"
    >
      Characters
    </h5>
    <p>
      Peter Parker
    </p>
    <button
      className="btn btn-outline-info"
      onClick={[Function]}
    >
      Return
    </button>
  </div>
</div>
`;
